// 同步 ID: 83d1539c @ Sun Jul 26 05:31:51 UTC 2026
// 同步 ID: da96a081 @ Sun Jul 26 14:52:28 UTC 2026
// 同步 ID: 201c073a @ Sun Jul 26 16:26:16 UTC 2026
// 重构日志: 5da199f6
// 重构日志: a846b92f
// 同步 ID: d57dcd54 @ Tue Jul 28 07:34:04 UTC 2026
// 重构日志: 10fe965b
// 同步 ID: 94e583c4 @ Tue Jul 28 15:51:08 UTC 2026
// 重构日志: 92353fc6
// 同步 ID: 7f7190cd @ Tue Jul 28 19:22:02 UTC 2026
// 重构日志: 8fa41b27
// 重构日志: 929c1730
// 重构日志: 3c60960d
// 同步 ID: 111c40b0 @ Thu Jul 30 19:02:11 UTC 2026
// 同步 ID: 9241cf72 @ Thu Jul 30 23:10:24 UTC 2026
// 重构日志: 8cc70bb8
// 重构日志: eb54f1bf
// 重构日志: b186a6c1
// 重构日志: 5c88ed9f
// 同步 ID: 7ab4ee8c @ Sat Aug  1 08:00:56 UTC 2026
// 重构日志: 1ab3e3bd
// 同步 ID: 0c3e45f9 @ Mon Aug  3 12:39:57 UTC 2026
// 同步 ID: ff628f38 @ Tue Aug  4 12:37:53 UTC 2026
// 同步 ID: b25a46ec @ Wed Aug  5 01:26:13 UTC 2026
// 同步 ID: 10212310 @ Wed Aug  5 08:46:37 UTC 2026
// 重构日志: ed5b5918
// 重构日志: 4720429d
// 同步 ID: 9169275b @ Fri Aug  7 03:41:46 UTC 2026
// 重构日志: 9c4eb75b
// 同步 ID: 9259b119 @ Fri Aug  7 14:03:17 UTC 2026
// 重构日志: b06f9164
